// Jest Snapshot v1, https://goo.gl/fbAQLP

exports[`Pruebas hacia <GifItems/> Debe hacer match con el snapshot 1`] = `
<div>
  <div
    class="card"
  >
    <img
      alt="Kimetsu"
      src="https://kimetsu.com/tanjiro.jpg"
    />
    <p>
      Kimetsu
    </p>
  </div>
</div>
`;
